// Jest Snapshot v1, https://goo.gl/fbAQLP

exports[`Sample Test getCounter test 1`] = `1`;
